  ✅ 전제: node:sqlite 를 쓸 수 있다
  ✅ 전제: 가격표(PRICES)를 소스에서 읽었다 — ai_content 가 있다
  ✅ ai-pass.ts 의 AI_PASS_PKG_NAME 이 가격표 이름과 같다(환불 모듈이 그것으로 찾는다)

① 끝나는 날 계산(한국 달력)
  ✅ 9/29 결제 → 10/29 끝
  ✅ 1/31 결제 → 2/28 끝(없는 날은 그 달 마지막 날)
  ✅ 윤년 1/31 → 2/29
  ✅ 12/31 → 다음해 1/31
  ✅ 한국 새벽(UTC 로는 전날)도 한국 날짜로 센다 — 10/1 05시 → 11/1
  ✅ 시각(시·분)은 그대로 둔다
  ✅ 이용권이 없으면 지금부터 1개월
  ✅ 남은 기간이 있으면 그 끝에 이어 붙인다(10/10 → 11/10)
  ✅ 이미 끝난 이용권은 이어 붙이지 않는다(지금부터)
  ✅ 다음 자동결제 = 끝 3일 전
  ✅ 끝 3일 전이 이미 지났으면 지금+3일(사전고지가 먼저 나가게)
  ✅ 끝나는 날을 모르면 지금+3일(곧바로 긁지 않는다)

② 지금 이용권이 언제 끝나나 (currentAiPassEnd)
  ✅ 가장 늦은 «살아 있는» 개인 이용권의 끝을 준다(취소·다른 상품·대리점 일괄·남의 것 제외)
  ✅ 이용권이 없는 학생은 null(0 으로 뭉개지 않는다)
  ✅ 전제: activateEnrollment · chargeAiPassOnce · chargeSubscriptionOnceInner 를 오려 냈다

③ 결제하면 끝나는 날이 적힌다 (activateEnrollment)
  ✅ 첫 결제: 지금부터 1개월 끝이 적힌다(9/29 → 10/29)
  ✅ 남은 기간 중 또 결제: 10/29 끝에 이어 11/29
  ✅ 같은 주문이 두 번 와도(confirm·webhook 경합) 한 번만 늘린다
  ✅ 짝: 다른 상품은 예전 그대로 끝나는 날 NULL
  ✅ 짝: 학생 아이디가 없는 주문은 이어 붙일 근거가 없어 끝을 지어내지 않는다
  ✅ 활성화 뒤 다음 청구일 맞추기(sync)를 부른다

④ A.i 구독은 수업 견적을 타지 않는다 (chargeSubscriptionOnceInner)
  ✅ ai_content 구독 → A.i 청구로 간다, 수업 견적은 안 부른다, 해지되지 않는다
  ✅ 짝: 수업 구독은 예전처럼 수업 견적을 탄다

⑤ A.i 청구 (chargeAiPassOnce) — 진짜 SQLite + 가짜 토스
  ✅ 성공: 서버 가격표 금액으로 긁는다(구독에 적힌 옛 금액 아님)
  ✅ 성공: 빌링키·고객키로 청구한다
  ✅ 성공: 주문이 paid 로 남는다(program ai_content)
  ✅ 성공: 이용권이 생기고 끝나는 날이 적힌다
  ✅ 성공: 다음 청구 = 새 끝나는 날 3일 전
  ✅ 성공: 실패 횟수 0 · 금액은 가격표 값으로 갱신
  ✅ 성공(남은 기간 있음): 그 끝에 1개월을 이어 붙인다
  ✅ 짝: 카드 거절 → 실패 처리(bump), 이용권 안 생김, 주문 failed
  ✅ 짝: 네트워크 오류 → 실패 처리, 이용권 안 생김
[ai-pass] 결제는 됐는데 이용권이 늘지 않음 — 자동결제 멈춤: 1 MGI-MUTYK65W-888fccdc2972
  ✅ 결제는 됐는데 이용권이 안 생기면 자동결제를 멈춘다(다음 청구일 NULL · activation_failed)
  ✅ 돈이 나간 뒤 장부 쓰기가 던져도 다음 청구일이 «지금» 으로 남지 않는다(NULL = 재청구 안 함)

⑤-2 카드 등록 확정 (confirmAiPassBilling) — 첫 즉시결제·겹친 확정
  ✅ 전제: confirmAiPassBilling 을 오려 냈다
  ✅ 이용권이 없으면 첫 달을 바로 결제한다(1회)
  ✅ 첫 결제 대상 구독은 다음 청구일 NULL 로 들어간다(결제 끝나기 전에 스윕이 못 잡음)
  ✅ 이름 칸에 로그인 아이디가 아니라 학생 이름
  ✅ 수업 구독은 그대로 살아 있다
  ✅ 60초 안에 또 확정이 오면 아무것도 안 만들고 안 긁는다(두 탭·연타)
  ✅ 짝: 이용권이 남아 있으면 지금은 안 긁는다
  ✅ 그때 다음 청구 = 끝 3일 전, 옛 A.i 구독은 replaced(활성 1개)

⑤-3 A.i 이용권 환불 → 자동결제 청구일 재조정 (finishRefund)
  ✅ 전제: finishRefund 를 오려 냈다
  ✅ 남은 이용권이 없으면 A.i 자동결제를 멈춘다(NULL) + 경고
  ✅ 짝: 수업 구독 청구일은 그대로
  ✅ 짝: 수업 주문 환불은 A.i 구독을 건드리지 않는다

⑥ 수업 자동결제와 A.i 자동결제는 서로를 건드리지 않는다
  ✅ 전제: 해지 SQL 을 오려 냈다
  ✅ 수업 자동결제 해지 → 수업 구독(옛 plan NULL 포함)만 꺼지고 A.i 는 남는다
  ✅ A.i 자동결제 해지 → 그 학생 A.i 만 꺼진다(수업·남의 A.i 는 그대로)
  ✅ 전제: 상태 SQL 을 오려 냈다
  ✅ 수강신청 화면(기본) 상태 → A.i 구독이 더 최근이어도 수업 구독만 보인다
  ✅ A.i 화면(?plan=ai_content) 상태 → A.i 구독이 보인다
  ✅ 전제: 즉시결제(charge-now) SQL 을 오려 냈다
  ✅ 수업 «연장 결제» 버튼은 A.i 구독 카드로 수업을 긁지 않는다(A.i 구독만 있으면 못 찾음)
  ✅ 수업 카드 재등록이 A.i 구독을 «replaced» 로 끄지 않는다
  ✅ 관리자 활성화는 정본 조각(NOT_AI_PASS_PLAN_SQL)을 import 해 쓴다
  ✅ 전제: 관리자 활성화(enroll-activate)의 구독 조회를 오려 냈다
  ✅ 관리자 수강 활성화가 A.i 구독을 수업 패키지로 덮지 않는다(A.i 구독만 있으면 못 찾음)
  ✅ 짝: 수업 구독은 그대로 찾는다

⑦ 명부 «A.i 단독» 은 끝난 이용권을 세지 않는다
  ✅ 전제: PAID_AI_UIDS_SQL 을 읽었다
  ✅ 끝난 이용권은 빠진다
  ✅ 짝: 쓰는 중인 이용권·끝나는 날 없는 대리점 일괄은 남는다

⑧ 화면(ai-pass.html) 배선
  ✅ 상태를 plan=ai_content 로 묻는다(수업 구독을 A.i 로 오인하지 않게)
  ✅ 등록·확정·해지 모두 plan: ai_content 를 싣는다
  ✅ 카드 등록에서 이 화면으로 돌아온다
  ✅ 끝나는 날·첫 청구일을 화면에서 다시 계산하지 않는다(서버 값을 그린다)
  ✅ 자동청구 스위치가 꺼져 있으면 화면이 그 사실을 말한다(auto_live)
  ✅ 상태 응답이 auto_live·first_billing_at 을 싣는다
  ✅ 사전고지 문자의 해지 링크가 A.i 구독이면 이 화면

결과: PASS 72 / FAIL 0
