  ✅ 전제: 개인 결제 A.i 명단 SQL(PAID_AI_UIDS_SQL)을 소스에서 읽었다
  ✅ 전제: 청구 정본 LIVE_UIDS_SQL·30일을 소스에서 읽었다
  ✅ 전제: 재원 판정 정본(enrolledCond)을 소스에서 읽었다

① rosterTrackOf — 한 줄의 트랙
  ✅ 전제: rosterTrackOf 를 오려 냈다
  ✅ 화상반 목록에 있으면 live_ai
  ✅ (짝) 화상반이면 신청했어도 live_ai — A.i 는 무료 포함
  ✅ 대소문자만 달라도 live_ai(청구 쪽과 같은 규칙)
  ✅ 재원 · 화상반 아님 · A.i 단독 신청 → ai_only (대소문자 무시)
  ✅ ⛔ 재원 · 화상반 아님 · 신청 안 함 → idle (ai_only 로 세지 않는다 — 09-24 판의 «AI만 7,294명» 원인)
  ✅ 재원도 화상도 아니면 none(신청했어도 AI 단독으로 세지 않는다)
  ✅ 화상반 목록을 못 읽으면 unknown — ⛔ ai_only 로 떨어뜨리지 않는다
  ✅ 신청 명단을 못 읽으면 unknown — ⛔ ai_only·idle 로 떨어뜨리지 않는다
  ✅ 아이디가 비면 unknown

② loadTrackSummary SQL — 진짜 SQLite
  ✅ 전제: 요약 SQL 을 소스에서 오려 냈다
  ✅ SQL 이 실제로 돈다
  ✅ 화상 = 활성예약·카페24 최근·대소문자·수업방 접속 = 4명
  ✅ A.i 단독 = 재원 ∩ (학원 신청 ∪ 개인 결제) − 화상 = c_ai·h_other·f_old_c24 = 3명
  ✅ ⛔ 신청 안 한 재원(j_cancel)은 idle — AI 단독으로 세지 않는다
  ✅ 해운대: 화상 2 · A.i 1 · 기록없음 0 (재원 아님·종료일 지남·화상반의 신청은 안 셈)
  ✅ 서면: 화상 2 · A.i 1(개인 결제) · 기록없음 1(만료 결제·취소 예약)
  ✅ 자리표시(lms·type_seed) 예약은 아무도 화상으로 만들지 않는다
  ✅ 스코프(부산 지사)로 자르면 서울 학생이 빠진다
  ✅ 개인 결제 표 없이 돌리는 폴백(withPaid=false)도 돈다 — 개인 결제분만 idle 로 옮겨 간다

③ 명부 칸(행마다 track) ↔ 요약 숫자
  ✅ 명부의 화상+AI 수 == 요약의 화상 수
  ✅ 명부의 A.i 단독 수 == 요약의 A.i 단독 수
  ✅ 명부의 수업 기록 없음 수 == 요약의 idle 수
  ✅ 재원 아님(d_gone·i_ended)은 none 으로 따로 보인다

④ A.i 사용료 청구(재원 ∩ 학원 신청 − 화상반)와 같은 인원인가
  ✅ 해운대 청구 인원 == 요약 A.i 단독(해운대) — 학원 신청분만 있는 곳
  ✅ (짝) 서면: 개인 결제분(f_old_c24)은 학원에 청구하지 않는다 — 청구 0명

⑤ 서버 배선 — /api/admin/students/unified
  ✅ 전제: 핸들러를 잘라 냈다
  ✅ summary_only 는 명부 쿼리 «앞» 에서 돌아간다(명부를 안 읽는다)
  ✅ summary_only 갈래는 정본 loadTrackSummary 를 부르고 return 한다
  ✅ 행마다 enrolled_now 를 page·바깥 SELECT 둘 다에 싣는다
  ✅ track=1 이면 정본 attachRosterTracks 로 칸을 붙인다
  ✅ shop 필터는 완전일치 바인드(LIKE 아님) · 요약처럼 TRIM
  ✅ 요약은 스코프(_ssw) 조건을 그대로 넘긴다
  ✅ ⛔ 트랙을 students_erp 에 저장하지 않는다(UPDATE 없음)

⑥ /branch 화면
  ✅ 첫 화면 두 요청 계약 — boot() 에 학생 구분 요청을 넣지 않았다
  ✅ 학생 구분 카드는 첫 페인트 «뒤» setTimeout 으로 받는다
  ✅ 명부는 track=1 로 받는다
  ✅ 요약을 못 읽으면(ok:false) 숫자 대신 «확인하지 못했습니다» — 0명으로 그리지 않는다
  ✅ 전제: paintStudents 를 오려 내 실행했다
  ✅ 전체 탭이 그려진다
  ✅ 탭 숫자: 전체 6 · 화상+AI 1 · A.i 단독 신청 2 · 수업 기록 없음 1 · 재원 아님 1 · 확인 못 함 1
  ✅ 이름이 아이디와 같으면 «이름 미등록»(예전 «(no name)» 대신)
  ✅ track 이 없는 행은 «확인 못 함» — AI만으로 그리지 않는다
  ✅ AI만 탭 → 2줄만
  ✅ 짝: AI만 탭에 화상 학생(김서윤)이 안 나온다
  ✅ 짝: 화상+AI 탭에는 김서윤만
  ✅ 대리점 줄을 누르면 그 대리점 학생만(서면 3명) + 드롭다운이 «서면» 을 가리킨다
  ✅ 드롭다운에 전체와 대리점별 인원이 나온다
  ✅ 대리점을 골라도 구분 탭 숫자는 그 대리점 안에서 센다(서면: 전체 3)
  ✅ 각 줄에 소속 대리점이 보인다
  ✅ 드롭다운에서 다른 대리점 → 그 대리점만(해운대 3명)
  ✅ 짝: 빈 값은 «전체» 가 아니라 «대리점 미지정» 이다(여기선 0명)
  ✅ «전체 대리점» 으로 모든 대리점으로 돌아온다
  ✅ 수업 기록 없음 탭 → 그 학생만
  ✅ 서버가 track_ok:false 면 그 사실을 글로 말한다

⑦ 관리자 화면
  ✅ 전제: 주석을 벗겨도 코드는 남는다
  ✅ 학생관리 안에 학생 구분 칸이 있다
  ✅ 스크립트를 defer 로 싣는다
  ✅ 관리자 함정: 카드 안에 <button> 을 만들지 않는다(전역 파랑 알약 규칙)
  ✅ 관리자 함정: 인라인 «background:» 대신 background-color
  ✅ 관리자 함정: 스타일은 body 에 붙인다
  ✅ 언어 이벤트를 document·window 둘 다 듣는다
  ✅ ⛔ 상주 타이머·관찰자 없음
  ✅ 대리점 명부는 shop= + track=1 로 받는다

결과: PASS 67 / FAIL 0
